========================================
CyberForge FULL Context Snapshot
TIMESTAMP: 2025-12-03T17:40:03+03:00
PWD: /home/cybersec/Documents/cyberforge

=== GIT ===
$ git branch --show-current
main

$ git log --oneline -5
413b79c docs: update v4 protocols with full project context machine-readable format
bd9c9ba feat: tighten submit_flag rate limit to 5 attempts per 60s
3de72f7 test: add rate-limit verification for submit_flag endpoint
eef6502 feat: implement submit_flag rate-limit handling
41f7805 chore: complete repo reorganization - move all protocols to meta/docs, consolidate scripts

$ git status --short
 M check_health.sh
 D tests/test_mvp.sh
 D tests/verification/README.md
 D tests/verification/auto_recover.sh
 D tests/verification/health_monitor.sh
 D tests/verification/quick_check.sh
 D tests/verification/security_check.sh
 D tests/verification/verify_all.sh
 D tests/verification/verify_backend.sh
 D tests/verification/verify_database.sh
 D tests/verification/verify_docker.sh
 D tests/verification/verify_ssh.sh
?? Makefile
?? PROJECT_STRUCTURE.md
?? run_tests_and_snapshot.sh
?? run_tests_with_context.sh
?? scripts/
?? snapshots/
?? test.sh
?? tests/user_flow_full.sh

=== FILE TREE (filtered) ===
./.gitignore
./cyberforge_check.sh
./website/index.html
./website/package.json
./website/.dockerignore
./website/Dockerfile
./website/index.js
./Makefile
./README.md
./logs/ai_actions.log
./logs/context_history.log
./archive/old_challenges_backup/ch1/Dockerfile.ch1
./archive/old_challenges_backup/ch1/.dockerignore
./archive/old_challenges_backup/ch3/Dockerfile.ch3
./archive/old_challenges_backup/ch3/.dockerignore
./archive/old_challenges_backup/ch2/Dockerfile.ch2
./archive/old_challenges_backup/ch2/.dockerignore
./archive/legacy/backups/config.py.stable
./archive/legacy/backups/docker-compose.yml.stable
./archive/legacy/backups/backup-20251123-182315.tar.gz
./archive/legacy/src/api.js
./archive/legacy/src/components/Login.js
./archive/legacy/src/components/Dashboard.js
./archive/legacy/src/App.js
./archive/old_challenges_1764427903/ch1/Dockerfile.ch1
./archive/old_challenges_1764427903/ch1/.dockerignore
./archive/old_challenges_1764427903/ch3/Dockerfile.ch3
./archive/old_challenges_1764427903/ch3/.dockerignore
./archive/old_challenges_1764427903/ch2/Dockerfile.ch2
./archive/old_challenges_1764427903/ch2/.dockerignore
./archive/old_constitution/CYBERFORGE_AI_MANUAL_v2.0.md
./archive/old_constitution/CYBERFORGE_CONSTITUTION_v1.0.md
./PROJECT_STRUCTURE.md
./run_tests_and_snapshot.sh
./challenges/ch1/Dockerfile
./challenges/ch3/Dockerfile
./challenges/ch2/Dockerfile
./check_health.sh
./LICENSE
./tests/health_check.sh
./tests/test_rate_limit.sh
./tests/.user_flow_full.sh.swp
./tests/user_flow_full.sh
./scripts/save_full_context.sh
./scripts/save_context_snapshot.sh
./meta/docs/final_report.txt
./meta/docs/backup/CYBERFORGE_KNOWLEDGE_BASE_v4.md.bak
./meta/docs/backup/CYBERFORGE_WORKING_PROTOCOLS_v4.md.bak
./meta/docs/backup/QUICK_START_AI_v4.md.bak
./meta/docs/backup/CYBERFORGE_MASTER_PROMPT_v4.md.bak
./meta/docs/test_complete.txt
./meta/docs/QUICK_START_AI_v4.md
./meta/docs/TESTING_CHECKLIST.md
./meta/docs/CYBERFORGE_MASTER_PROMPT_v4.md
./meta/docs/CYBERFORGE_KNOWLEDGE_BASE_v4.md
./meta/docs/CYBERFORGE_WORKING_PROTOCOLS_v4.md
./meta/docs/DEMO.md
./meta/scripts/scaffold_phase1.sh
./meta/scripts/setup_security.txt
./meta/scripts/setup_github_ssh.sh
./meta/scripts/git_push.sh
./meta/scripts/commit.sh
./meta/scripts/setup.sh
./snapshots/context_snapshot_FULL.txt
./.github/workflows/lint.yml
./.github/workflows/test.yml
./.github/workflows/docker-build.yml
./.github/workflows/security.yml
./package.json
./.env
./test.sh
./.test.sh.swp
./backend/requirements.txt
./backend/instance/cyberforge.db
./backend/app.py
./backend/config.py
./backend/auth.py
./backend/__pycache__/models.cpython-311.pyc
./backend/__pycache__/config.cpython-311.pyc
./backend/__pycache__/auth.cpython-311.pyc
./backend/.dockerignore
./backend/models.py
./backend/Dockerfile
./docker-compose.yml
./last_test_output.log
./run_tests_with_context.sh

=== DOCKER ===
$ docker-compose ps
        Name                       Command               State                         Ports                       
-------------------------------------------------------------------------------------------------------------------
cyberforge-backend      python app.py                    Up      0.0.0.0:5000->5000/tcp,:::5000->5000/tcp, 8000/tcp
cyberforge-ch1          /usr/sbin/sshd -D                Up      0.0.0.0:2222->22/tcp,:::2222->22/tcp              
cyberforge-ch2          /usr/sbin/sshd -D                Up      0.0.0.0:2223->22/tcp,:::2223->22/tcp              
cyberforge-ch3          /usr/sbin/sshd -D                Up      0.0.0.0:2224->22/tcp,:::2224->22/tcp              
cyberforge-juice-shop   /nodejs/bin/node /juice-sh ...   Up      0.0.0.0:3001->3000/tcp,:::3001->3000/tcp          
cyberforge-website      /docker-entrypoint.sh ngin ...   Up      0.0.0.0:3000->80/tcp,:::3000->80/tcp              

=== BACKEND HEALTH ===
$ curl -s http://localhost:5000/api/health | jq .
{
  "message": "Backend is running",
  "status": "OK"
}

=== CHALLENGES COUNT ===
$ curl -s http://localhost:5000/api/challenges | jq '. | length'
3

=== LAST TEST OUTPUT (if exists) ===
# tail -40 last_test_output.log
  âœ… cyberforge-juice-shop
  âœ… cyberforge-ch1
  âœ… cyberforge-ch2
  âœ… cyberforge-ch3

â”â”â”â”â”â”â”â”â”â”â”â”â”â”â”â”â”â”â”â”â”â”â”â”â”â”â”â”â”â”â”â”â”â”â”â”â”â”â”â”â”â”â”â”
  [3/6] Network Ports
â”â”â”â”â”â”â”â”â”â”â”â”â”â”â”â”â”â”â”â”â”â”â”â”â”â”â”â”â”â”â”â”â”â”â”â”â”â”â”â”â”â”â”â”
  âœ… Backend API (5000)
  âœ… Website (3000)
  âœ… Juice Shop (3001)
  âœ… SSH Challenge 1 (2222)
  âœ… SSH Challenge 2 (2223)
  âœ… SSH Challenge 3 (2224)

â”â”â”â”â”â”â”â”â”â”â”â”â”â”â”â”â”â”â”â”â”â”â”â”â”â”â”â”â”â”â”â”â”â”â”â”â”â”â”â”â”â”â”â”
  [4/6] Backend API
â”â”â”â”â”â”â”â”â”â”â”â”â”â”â”â”â”â”â”â”â”â”â”â”â”â”â”â”â”â”â”â”â”â”â”â”â”â”â”â”â”â”â”â”
  âœ… GET /api/challenges
  âœ… Backend responding

â”â”â”â”â”â”â”â”â”â”â”â”â”â”â”â”â”â”â”â”â”â”â”â”â”â”â”â”â”â”â”â”â”â”â”â”â”â”â”â”â”â”â”â”
  [5/6] User Flow E2E Test
â”â”â”â”â”â”â”â”â”â”â”â”â”â”â”â”â”â”â”â”â”â”â”â”â”â”â”â”â”â”â”â”â”â”â”â”â”â”â”â”â”â”â”â”
  âœ… User flow E2E passed

â”â”â”â”â”â”â”â”â”â”â”â”â”â”â”â”â”â”â”â”â”â”â”â”â”â”â”â”â”â”â”â”â”â”â”â”â”â”â”â”â”â”â”â”
  [6/6] Rate Limit Test
â”â”â”â”â”â”â”â”â”â”â”â”â”â”â”â”â”â”â”â”â”â”â”â”â”â”â”â”â”â”â”â”â”â”â”â”â”â”â”â”â”â”â”â”
  âœ… Rate limit test passed

â”â”â”â”â”â”â”â”â”â”â”â”â”â”â”â”â”â”â”â”â”â”â”â”â”â”â”â”â”â”â”â”â”â”â”â”â”â”â”â”â”â”â”â”
  SUMMARY                                   
â”â”â”â”â”â”â”â”â”â”â”â”â”â”â”â”â”â”â”â”â”â”â”â”â”â”â”â”â”â”â”â”â”â”â”â”â”â”â”â”â”â”â”â”
  âœ… Passed: 21
  âŒ Failed: 0

â•”â•â•â•â•â•â•â•â•â•â•â•â•â•â•â•â•â•â•â•â•â•â•â•â•â•â•â•â•â•â•â•â•â•â•â•â•â•â•â•â•â•â•â•â•â•—
â•‘   ğŸ‰  ALL TESTS PASSED                     â•‘
â•šâ•â•â•â•â•â•â•â•â•â•â•â•â•â•â•â•â•â•â•â•â•â•â•â•â•â•â•â•â•â•â•â•â•â•â•â•â•â•â•â•â•â•â•â•â•

